// Jest Snapshot v1, https://goo.gl/fbAQLP

exports[`Error page Displays proper error page based on error code 1`] = `
<div
  class="bg-gray-200"
>
  <div
    class="min-h-screen flex"
  >
    <div
      class="error w-10/12 lg:p-12 md:p-0 lg:inline-flex md:block"
      style=""
    >
      <div
        class="error-image-container lg:p-16 md:p-12 sm:p-8"
      >
        <img
          class="lg:w-auto md:w-64 sm:w-40 xs:w-28 h-auto"
          id="error-image"
          src="/images/warning.png"
        />
      </div>
       
      <div
        class="error-content-container"
      >
        <div>
          <span
            class="lg:text-6xl md:text-4xl sm:text-3xl"
            id="error-greeting"
          >
            
            Oops!
            
            <strong
              class="text-red-600"
            >
              404
            </strong>
          </span>
        </div>
         
        <div>
          <span
            class="lg:text-5xl md:text-3xl sm:text-3xl"
            id="error-message"
          >
            Can't find the page you're looking for.
          </span>
        </div>
         
        <div>
          <span
            class="lg:text-xl md:text-lg sm:text-lg"
            id="error-text"
          >
            
            You can contact the development team to fix the problem
            
            <b>
              or you can go back to the previous page.
            </b>
          </span>
        </div>
         
        <div
          class="my-8"
        >
          <span
            class="lg:text-sm"
            id="error-option"
          >
            <svg
              aria-hidden="true"
              class="svg-inline--fa fa-chevron-left fa-w-10"
              data-icon="chevron-left"
              data-prefix="fas"
              fas=""
              focusable="false"
              role="img"
              viewBox="0 0 320 512"
              xmlns="http://www.w3.org/2000/svg"
            >
              <path
                class=""
                d="M34.52 239.03L228.87 44.69c9.37-9.37 24.57-9.37 33.94 0l22.67 22.67c9.36 9.36 9.37 24.52.04 33.9L131.49 256l154.02 154.75c9.34 9.38 9.32 24.54-.04 33.9l-22.67 22.67c-9.37 9.37-24.57 9.37-33.94 0L34.52 272.97c-9.37-9.37-9.37-24.57 0-33.94z"
                fill="currentColor"
              />
            </svg>
            Â 
            Go back
          
          </span>
        </div>
      </div>
    </div>
  </div>
   
  <div
    class="relative"
  >
    <div
      class="footer"
    >
      <span
        class="text-sm text-white"
      >
        Business Intelligence Lab
      </span>
      <span
        class="text-xs text-blue-200"
      >
        - cafe24
      </span>
    </div>
  </div>
</div>
`;
